[studia.ai/index.html]
[studia.ai/_next/static/media/a34f9d1faa5f3315-s.p.woff2]
[studia.ai/_next/static/css/108823ae8eada08a.css]
[studia.ai/_next/static/css/b7cd90734583743e.css]
[studia.ai/_next/static/chunks/webpack-0ae118e6b2a5bc4b.js]
[studia.ai/_next/static/chunks/1606ac57-90dfd38af0a711e8.js]
[studia.ai/_next/static/chunks/29-1d8613593591f3c9.js]
[studia.ai/_next/static/chunks/main-app-16ae92850f0c910a.js]
[studia.ai/_next/static/chunks/749-c488ccd2cbc343d0.js]
[studia.ai/_next/static/chunks/568-ad06adb83619fb22.js]
[studia.ai/_next/static/chunks/207-a102cdecc61cea77.js]
[studia.ai/_next/static/chunks/983-4573ae3ab340d348.js]
[studia.ai/_next/static/chunks/app/layout-d293091bb576a9ab.js]
[studia.ai/_next/static/chunks/359-c403d984cb808e8c.js]
[studia.ai/_next/static/chunks/662-d783a8152da1c52b.js]
[studia.ai/_next/static/chunks/205-e327e4fa7a9343e0.js]
[studia.ai/_next/static/chunks/645-caae057b37b2f805.js]
[studia.ai/_next/static/chunks/475-6d6b5a1a7cd22a10.js]
[studia.ai/_next/static/chunks/app/(marketing)/layout-7210fb9ba06043df.js]
[studia.ai/_next/static/chunks/30ffaee2-9610be2a1d530e5b.js]
[studia.ai/_next/static/chunks/47820753-1cedb958ef6c4399.js]
[studia.ai/_next/static/chunks/848-6c576344db99aa54.js]
[studia.ai/_next/static/chunks/app/(marketing)/page-81a42db13662783a.js]
[backblue.gif]
[fade.gif]
[index.html]
[clerk.studia.ai/npm/@clerk/clerk-js@5.52.1/dist/clerk.browser.js]
[studia.ai/icon9579.svg]
[studia.ai/_next/static/chunks/polyfills-42372ed130431b0a.js]
[studia.ai/logo_dark.svg]
[studia.ai/_next/demo576e.png]
[studia.ai/_next/architecture5cd4.jpg]
[studia.ai/_next/featuresefd6.png]
[studia.ai/index.html]
[studia.ai/_next/static/media/55c55f0601d81cf3-s.woff2]
[studia.ai/_next/static/media/26a46d62cd723877-s.woff2]
[studia.ai/_next/static/media/97e0cb1ae144a2a9-s.woff2]
[studia.ai/_next/static/media/581909926a08bbc8-s.woff2]
[studia.ai/_next/static/media/df0a9ae256c0569c-s.woff2]
[studia.ai/_next/static/media/6d93bde91c0c2823-s.woff2]
[studia.ai/_next/static/css/108823ae8eada08a.css]
[studia.ai/_next/static/css/b7cd90734583743e.css]
[studia.ai/icon9579.svg]
[studia.ai/logo_dark.svg]
